// Jest Snapshot v1, https://goo.gl/fbAQLP

exports[`<AllCards /> should render component witout crash 1`] = `
ShallowWrapper {
  Symbol(enzyme.__root__): [Circular],
  Symbol(enzyme.__unrendered__): <AllCards
    cards={
        Array [
            Object {
              "email": "john@gmail.com",
              "id": 1,
              "name": "John",
            },
            Object {
              "email": "rob@gmail.com",
              "id": 2,
              "name": "Rob",
            },
          ]
    }
    filterText=""
    handleClick={[Function]}
/>,
  Symbol(enzyme.__renderer__): Object {
    "batchedUpdates": [Function],
    "getNode": [Function],
    "render": [Function],
    "simulateError": [Function],
    "simulateEvent": [Function],
    "unmount": [Function],
  },
  Symbol(enzyme.__node__): Object {
    "instance": null,
    "key": undefined,
    "nodeType": "function",
    "props": Object {
      "children": Array [
        <Card
          card={
                    Object {
                              "email": "john@gmail.com",
                              "id": 1,
                              "name": "John",
                            }
          }
          handleClick={[Function]}
/>,
        <Card
          card={
                    Object {
                              "email": "rob@gmail.com",
                              "id": 2,
                              "name": "Rob",
                            }
          }
          handleClick={[Function]}
/>,
      ],
    },
    "ref": null,
    "rendered": Array [
      Object {
        "instance": null,
        "key": "1",
        "nodeType": "class",
        "props": Object {
          "card": Object {
            "email": "john@gmail.com",
            "id": 1,
            "name": "John",
          },
          "handleClick": [Function],
        },
        "ref": null,
        "rendered": null,
        "type": [Function],
      },
      Object {
        "instance": null,
        "key": "2",
        "nodeType": "class",
        "props": Object {
          "card": Object {
            "email": "rob@gmail.com",
            "id": 2,
            "name": "Rob",
          },
          "handleClick": [Function],
        },
        "ref": null,
        "rendered": null,
        "type": [Function],
      },
    ],
    "type": Symbol(react.fragment),
  },
  Symbol(enzyme.__nodes__): Array [
    Object {
      "instance": null,
      "key": undefined,
      "nodeType": "function",
      "props": Object {
        "children": Array [
          <Card
            card={
                        Object {
                                    "email": "john@gmail.com",
                                    "id": 1,
                                    "name": "John",
                                  }
            }
            handleClick={[Function]}
/>,
          <Card
            card={
                        Object {
                                    "email": "rob@gmail.com",
                                    "id": 2,
                                    "name": "Rob",
                                  }
            }
            handleClick={[Function]}
/>,
        ],
      },
      "ref": null,
      "rendered": Array [
        Object {
          "instance": null,
          "key": "1",
          "nodeType": "class",
          "props": Object {
            "card": Object {
              "email": "john@gmail.com",
              "id": 1,
              "name": "John",
            },
            "handleClick": [Function],
          },
          "ref": null,
          "rendered": null,
          "type": [Function],
        },
        Object {
          "instance": null,
          "key": "2",
          "nodeType": "class",
          "props": Object {
            "card": Object {
              "email": "rob@gmail.com",
              "id": 2,
              "name": "Rob",
            },
            "handleClick": [Function],
          },
          "ref": null,
          "rendered": null,
          "type": [Function],
        },
      ],
      "type": Symbol(react.fragment),
    },
  ],
  Symbol(enzyme.__options__): Object {
    "adapter": ReactSixteenAdapter {
      "options": Object {
        "enableComponentDidUpdateOnSetState": true,
        "lifecycles": Object {
          "componentDidUpdate": Object {
            "onSetState": true,
          },
          "getDerivedStateFromProps": true,
          "getSnapshotBeforeUpdate": true,
          "setState": Object {
            "skipsComponentDidUpdateOnNullish": true,
          },
        },
      },
    },
    "attachTo": undefined,
    "hydrateIn": undefined,
  },
}
`;
