// Jest Snapshot v1, https://goo.gl/fbAQLP

exports[`<ShowAddCard /> should render without crash 1`] = `
<div
  className="AddCard"
>
  <form
    onSubmit={[Function]}
  >
    <input
      id="name"
      onChange={[Function]}
      type="text"
      value=""
    />
    Email:
    <input
      id="email"
      onChange={[Function]}
      type="email"
      value=""
    />
    <button
      disabled={true}
      id="submit"
      type="submit"
    >
      Add
    </button>
  </form>
</div>
`;
