// Jest Snapshot v1, https://goo.gl/fbAQLP

exports[`<Authorization /> render 1`] = `""`;
