// Jest Snapshot v1, https://goo.gl/fbAQLP

exports[`<NotFound /> should render component 1`] = `
<div>
  404 NOT FOUND
</div>
`;
